mads 2.1.0 build 8 (23 Dec 19)
Source: C:\Users\admin\OneDrive\Guille\Eclipse\workplace\WUDSN\GitHub\ARDungeonCartridge\BOOTCartridge\Alternate Reality - The dungeon\Ardungeon.asm
     1 				// ****************************************************
     2 				// *                                                  *
     3 				// * Generic BOOT Cartridge routine                   *
     4 				// *                                                  *
     5 				// *     (C) Guillermo Fuenzalida (Willysoft)         *
     6 				// *                                                  *
     7 				// ****************************************************
     8
     9 = 0000			hola =$00
    10
    11 				// First, we will define the extension as .rom
    12
    13 				;	@com.wudsn.ide.asm.outputfileextension=.rom
    14
    15 				// Now we set no binary headers
    16
    17 					opt h-
    18
    19 				; include files, useful macros:
    20 					icl "../../base/sys_equates.m65"
Source: C:\Users\admin\OneDrive\Guille\Eclipse\workplace\WUDSN\GitHub\ARDungeonCartridge\BOOTCartridge\Alternate Reality - The dungeon\..\..\base\sys_equates.m65
     1 				;================================================================================
     2 				; System equates, Atari XL + mads [NRV 2009]
     3 				;================================================================================
     4
     5 				;----------------------------------------
     6 				; GTIA:
     7 				;----------------------------------------
     8
     9 = D000			M0PF	= $D000  ; read only
    10 = D001			M1PF	= $D001  ; read only
    11 = D002			M2PF	= $D002  ; read only
    12 = D003			M3PF	= $D003  ; read only
    13
    14 = D004			P0PF	= $D004  ; read only
    15 = D005			P1PF	= $D005  ; read only
    16 = D006			P2PF	= $D006  ; read only
    17 = D007			P3PF	= $D007  ; read only
    18
    19 = D008			M0PL	= $D008  ; read only
    20 = D009			M1PL	= $D009  ; read only
    21 = D00A			M2PL	= $D00A  ; read only
    22 = D00B			M3PL	= $D00B  ; read only
    23
    24 = D00C			P0PL	= $D00C  ; read only
    25 = D00D			P1PL	= $D00D  ; read only
    26 = D00E			P2PL	= $D00E  ; read only
    27 = D00F			P3PL	= $D00F  ; read only
    28
    29 = D010			TRIG0	= $D010  ; read only
    30 = D011			TRIG1	= $D011  ; read only
    31 = D012			TRIG2	= $D012  ; read only
    32 = D013			TRIG3	= $D013  ; read only
    33
    34 = D014			PAL		= $D014  ; read only
    35
    36 				; positions for normal screen: 48 left (+160)--> 208 right (or 32-->224 for wide playfield)
    37 				; 32 top (+192)--> 224 bottom (or 16-->112 for double line resolution)
    38 = D000			HPOSP0	= $D000  ; write only
    39 = D001			HPOSP1	= $D001  ; write only
    40 = D002			HPOSP2	= $D002  ; write only
    41 = D003			HPOSP3	= $D003  ; write only
    42
    43 = D004			HPOSM0	= $D004  ; write only
    44 = D005			HPOSM1	= $D005  ; write only
    45 = D006			HPOSM2	= $D006  ; write only
    46 = D007			HPOSM3	= $D007  ; write only
    47
    48 				; 0 (or 2) normal width, 1 double width, 4 quadruple width
    49 = D008			SIZEP0	= $D008  ; write only
    50 = D009			SIZEP1	= $D009  ; write only
    51 = D00A			SIZEP2	= $D00A  ; write only
    52 = D00B			SIZEP3	= $D00B  ; write only
    53
    54 = D00C			SIZEM	= $D00C  ; write only		// the same 2 bits as the players, but in one byte, in this order: m3m2m1m0
    55
    56 = D00D			GRAFP0	= $D00D  ; write only
    57 = D00E			GRAFP1	= $D00E  ; write only
    58 = D00F			GRAFP2	= $D00F  ; write only
    59 = D010			GRAFP3	= $D010  ; write only
    60
    61 = D011			GRAFM	= $D011  ; write only		// 4 missiles in this order: m3m2m1m0
    62
    63 = D012			COLPM0	= $D012  ; write only
    64 = D013			COLPM1	= $D013  ; write only
    65 = D014			COLPM2	= $D014  ; write only
    66 = D015			COLPM3	= $D015  ; write only
    67
    68 = D016			COLPF0	= $D016  ; write only
    69 = D017			COLPF1	= $D017  ; write only
    70 = D018			COLPF2	= $D018  ; write only
    71 = D019			COLPF3	= $D019  ; write only
    72
    73 = D01A			COLBK	= $D01A  ; write only
    74
    75 = D01B			PRIOR	= $D01B  ; write only
    76 = D01C			VDELAY	= $D01C  ; write only
    77 = D01D			GRACTL	= $D01D  ; write only
    78 = D01E			HITCLR	= $D01E  ; write only
    79
    80 = D01F			CONSOL	= $D01F  ; read and write
    81
    82 				;----------------------------------------
    83 				; POKEY:
    84 				;----------------------------------------
    85
    86 = D200			POT0	= $D200  ; read only
    87 = D201			POT1	= $D201  ; read only
    88 = D202			POT2	= $D202  ; read only
    89 = D203			POT3	= $D203  ; read only
    90 = D204			POT4	= $D204  ; read only
    91 = D205			POT5	= $D205  ; read only
    92 = D206			POT6	= $D206  ; read only
    93 = D207			POT7	= $D207  ; read only
    94
    95 = D208			ALLPOT	= $D208  ; read only
    96
    97 = D209			KBCODE	= $D209  ; read only
    98 = D20A			RANDOM	= $D20A  ; read only
    99
   100 = D20D			SERIN	= $D20D  ; read only
   101 = D20E			IRQST	= $D20E  ; read only
   102 = D20F			SKSTAT	= $D20F  ; read only
   103
   104
   105 = D200			AUDF1	= $D200  ; write only
   106 = D201			AUDC1	= $D201  ; write only
   107 = D202			AUDF2	= $D202  ; write only
   108 = D203			AUDC2	= $D203  ; write only
   109 = D204			AUDF3	= $D204  ; write only
   110 = D205			AUDC3	= $D205  ; write only
   111 = D206			AUDF4	= $D206  ; write only
   112 = D207			AUDC4	= $D207  ; write only
   113
   114 = D208			AUDCTL	= $D208  ; write only
   115
   116 = D209			STIMER	= $D209  ; write only
   117 = D20A			SKREST	= $D20A  ; write only
   118 = D20B			POTGO	= $D20B  ; write only
   119
   120 = D20D			SEROUT	= $D20D  ; write only
   121 = D20E			IRQEN	= $D20E  ; write only
   122 = D20F			SKCTL	= $D20F  ; write only
   123
   124 				;----------------------------------------
   125 				; PIA:
   126 				;----------------------------------------
   127
   128 = D300			PORTA	= $D300  ; read and write
   129 = D301			PORTB	= $D301  ; read and write
   130 = D302			PACTL	= $D302  ; read and write
   131 = D303			PBCTL	= $D303  ; read and write
   132
   133 				;----------------------------------------
   134 				; ANTIC:
   135 				;----------------------------------------
   136
   137 = D40B			VCOUNT	= $D40B  ; read only
   138
   139 = D40C			PENH	= $D40C  ; read only
   140 = D40D			PENV	= $D40D  ; read only
   141
   142 = D40F			NMIST	= $D40F  ; read only
   143
   144
   145 = D400			DMACTL	= $D400  ; write only
   146 = D401			CHACTL	= $D401  ; write only
   147 = D402			DLISTL	= $D402  ; write only
   148 = D403			DLISTH	= $D403  ; write only
   149 = D404			HSCROL	= $D404  ; write only
   150 = D405			VSCROL	= $D405  ; write only
   151 = D407			PMBASE	= $D407  ; write only
   152 = D409			CHBASE	= $D409  ; write only
   153 = D40A			WSYNC	= $D40A  ; write only
   154 = D40E			NMIEN	= $D40E  ; write only
   155 = D40F			NMIRES	= $D40F  ; write only
   156
   157 				;----------------------------------------
   158 				; Shadow registers:
   159 				;----------------------------------------
   160
   161 = 0218			CDTMV1	= $218
   162 = 021A			CDTMV2	= $21a
   163 = 021C			CDTMV3	= $21c
   164 = 021E			CDTMV4	= $21e
   165 = 0220			CDTMV5	= $220
   166
   167
   168 = 022F			SDMCTL	= $22f	; shadow of DMACTL
   169 = 026F			GPRIOR	= $26f	; shadow of PRIOR
   170
   171 = 02C0			PCOLR0	= $2c0	; shadow of COLPM0
   172 = 02C1			PCOLR1  = $2c1
   173 = 02C2			PCOLR2  = $2c2
   174 = 02C3			PCOLR3  = $2c3
   175 = 02C4			COLOR0	= $2c4	; shadow of COLPF0
   176 = 02C5			COLOR1  = $2c5
   177 = 02C6			COLOR2  = $2c6
   178 = 02C7			COLOR3  = $2c7
   179 = 02C8			COLOR4  = $2c8
   180
   181 = 02E0			RUNAD	= $2e0
   182 = 02E2			INITAD	= $2e2
   183
   184 = 0014			RTCLOCK	= $14
   185 = 0041			SOUNDR	= $41
   186 = 0042			CRITIC	= $42
   187 = 004D			ATRACT	= 77
   188
   189 = 0052			LMARGN = $52
   190 = 0053			RMARGN = $53
   191 = 0062			PALNTS = $62
   192 = 006A			RAMTOP = $6A
   193
   194 = 02F4			CHBAS	= $2F4	; shadow of CHBASE
   195 = 02FC			CH	= $2FC
   196 = 02F3			CHACT	= $2F3  ; 
   197
   198 = 0340			ICHID = $340
   199 = 0341			ICDNO = $341
   200 = 0342			ICCMD = $342
   201 = 0343			ICSTA = $343
   202 = 0344			ICBAL = $344
   203 = 0345			ICBAH = $345
   204 = 0346			ICPTL = $346
   205 = 0347			ICPTH = $347
   206 = 0348			ICBLL = $348
   207 = 0349			ICBLH = $349
   208 = 034A			ICAX1 = $34A
   209 = 034B			ICAX2 = $34B
   210
   211 = 03F8			BASICF  = $3f8
   212 = 03FA			GINTLK  = $3fa
   213
   214
   215 = 0230			SDLSTL	= $230	; display list address
   216 = 0200			VDSLST	= $200	; DLI address
   217
   218 = 0301			DUNIT	= $301
   219 = 0302			DCOMND	= $302
   220 = 0303			DSTATS	= $303
   221 = 0304			DBUFLO	= $304
   222 = 0305			DBUFHI	= $305
   223
   224 = 030A			DAUX1	= $30A
   225 = 030B			DAUX2	= $30B
   226
   227
   228 = 0270			PADDL0	= 624	; 0-228 , shadow of POT0
   229 = 027C			PTRIG0	= 636	; 0 = PRESSED , shadow of PTRG0
   230 = 0278			STICK0	= 632	; 0000 = RLDU , shadow of PORTA
   231 = 0284			STRIG0	= 644	; 0 = PRESSED , shadow of TRIG0
   232
   233 = 0244			COLDST	= $244	; non zero --> do a cold start when pressing the reset key
   234
   235 				;----------------------------------------
   236 				; VBI:
   237 				;----------------------------------------
   238
   239 = E45C			SETVBV			= $E45C
   240 = E45F			XITVB_I			= $E45F
   241 = E45F			SYSVBV			= $E45F
   242 = E462			XITVB_D			= $E462
   243 = E462			XITVBV			= $E462
   244 = 0006			VBI_I			= 6
   245 = 0007			VBI_D			= 7
   246 = C0E2			NORMAL_VBI_I	= 49378
   247 = C28A			NORMAL_VBI_D	= 49802
   248 = 0222			VVBLKI			= 546
   249 = 0224			VVBLKD			= 548
   250 = E462			XITVB			= XITVB_D
   251
   252 				;----------------------------------------
   253 				; Handler vectors:
   254 				;----------------------------------------
   255
   256 = FFFA			NMIH_VECTOR		= 65530
   257 = FFFC			RESH_VECTOR		= 65532
   258 = FFFE			IRQH_VECTOR		= 65534
   259
   260 				;----------------------------------------
   261 				; I/O:
   262 				;----------------------------------------
   263
   264 = E456			CIOV			= $E456	; (58454)
   265 = E459			SIOV			= $E459	; (58457)
   266
   267 				;----------------------------------------
   268 				; Restart routines
   269 				;----------------------------------------
   270
   271 = E474			WARMSV			= $E474
   272 = E477			COLDSV			= $E477
   273
   274 				;----------------------------------------
   275 				; Bit values:
   276 				;----------------------------------------
   277
   278 				; DMA values
   279 = 0020			DV_DMA_ON			= %00100000
   280 = 0010			DV_PM_ONE_LINE		= %00010000
   281 = 0008			DV_PLAYERS_ON		= %00001000
   282 = 0004			DV_MISSILES_ON		= %00000100
   283 = 0003			DV_WIDE_PF			= %00000011
   284 = 0002			DV_NORMAL_PF		= %00000010
   285 = 0001			DV_NARROW_PF		= %00000001
   286
   287 				; Display list values
   288 = 0080			DL_DLI_MASK		= %10000000
   289 = 0040			DL_LMS_MASK		= %01000000
   290 = 0020			DL_VSCROLL_MASK	= %00100000
   291 = 0010			DL_HSCROLL_MASK	= %00010000
   292
   293 = 0001			DL_JMP		= 1
   294 = 0041			DL_JVB		= 65
   295
   296 = 0000			DL_BLANK_1	= 0
   297 = 0010			DL_BLANK_2	= 16
   298 = 0020			DL_BLANK_3	= 32
   299 = 0030			DL_BLANK_4	= 48
   300 = 0040			DL_BLANK_5	= 64
   301 = 0050			DL_BLANK_6	= 80
   302 = 0060			DL_BLANK_7	= 96
   303 = 0070			DL_BLANK_8	= 112
   304
   305 				; Antic graphic modes
   306 = 0002			GM_CHAR_A2	= 2			; 2 colors, 40x24, 960b, 40xline, 8 scanlines
   307 = 0006			GM_CHAR_A6	= 6			; 4 colors, 20x24, 480b, 40xline, 8 scanlines
   308 = 0007			GM_CHAR_A7	= 7			; 4 colors, 20x12, 240b, 20xline, 16 scanlines
   309 = 0004			GM_CHAR_A4	= 4			; 5 colors, 40x24, 960b, 40xline, 8 scanlines
   310 = 0005			GM_CHAR_A5	= 5			; 5 colors, 40x12, 480b, 40xline, 16 scanlines
   311 = 0003			GM_CHAR_A3	= 3			; 2 colors, 40x24, 760b, 40xline, 10 scanlines
   312
   313 				; Basic graphic modes
   314 = 0002			GM_CHAR_G0	= 2			; 2 colors, 40x24, 960b, 40xline, 8 scanlines
   315 = 0006			GM_CHAR_G1	= 6			; 4 colors, 20x24, 480b, 40xline, 8 scanlines
   316 = 0007			GM_CHAR_G2	= 7			; 4 colors, 20x12, 240b, 20xline, 16 scanlines
   317 = 0004			GM_CHAR_G12	= 4			; 5 colors, 40x24, 960b, 40xline, 8 scanlines
   318 = 0005			GM_CHAR_G13	= 5			; 5 colors, 40x12, 480b, 40xline, 16 scanlines
   319
   320 = 0008			GM_PIXEL_G3	= 8			; 4 colors, 40x24, 240b, 10xline, 8 scanline
   321 = 0009			GM_PIXEL_G4	= 9			; 2 colors, 80x48, 480b, 10xline, 4 scanline
   322 = 000A			GM_PIXEL_G5	= 10		; 4 colors, 80x48, 960b, 20xline, 4 scanline
   323 = 000B			GM_PIXEL_G6	= 11		; 2 colors, 160x96, 1920b, 20xline, 2 scanline
   324 = 000D			GM_PIXEL_G7	= 13		; 4 colors, 160x96, 3840b, 40xline, 2 scanline
   325 = 000F			GM_PIXEL_G8	= 15		; 2 colors, 320x192, 7680b, 40xline, 1 scanline
   326 = 000C			GM_PIXEL_G14	= 12	; 2 colors, 160x192, 3840b, 20xline, 1 scanline
   327 = 000E			GM_PIXEL_G15	= 14	; 4 colors, 160x192, 7680b, 40xline, 1 scanline
   328
   329 = 000F			GM_PIXEL_G9	= 15		; 1 color, 80x192, 7680b, 40xline, 1 scanline
   330 = 000F			GM_PIXEL_G10	= 15	; 9 colors, 80x192, 7680b, 40xline, 1 scanline
   331 = 000F			GM_PIXEL_G11	= 15	; 16 colors, 80x192, 7680b, 40xline, 1 scanline
   332
   333 				; Prior values
   334 = 0001			PRV_PM_PRIORITY_1	= %00000001		; p0 p1 p2 p3 / pf0 pf1 pf2 pf3 (p5) / bk
   335 = 0002			PRV_PM_PRIORITY_2	= %00000010		; p0 p1 / pf0 pf1 pf2 pf3 (p5) / p2 p3 / bk
   336 = 0004			PRV_PM_PRIORITY_3	= %00000100		; pf0 pf1 pf2 pf3 (p5) /  p0 p1 p2 p3 / bk
   337 = 0008			PRV_PM_PRIORITY_4	= %00001000		; pf1 pf2 /  p0 p1 p2 p3 / pf0 pf3 (p5) / bk
   338 = 0010			PRV_FIFTH_PLAYER	= %00010000
   339 = 0020			PRV_PM_OVERLAP		= %00100000
   340 = 0040			PRV_GTIA_9			= %01000000
   341 = 0080			PRV_GTIA_10			= %10000000
   342 = 00C0			PRV_GTIA_11			= %11000000
   343
   344 				; Gractl values
   345 = 0001			GCTL_MISSILES		= %001
   346 = 0002			GCTL_PLAYERS		= %010
   347 = 0004			GCTL_LATCH_TRIGGERS	= %100
   348
   349 				; Consol values:
   350 = 0001			CNV_START_MASK		= %001
   351 = 0002			CNV_OPTION_MASK		= %010
   352 = 0004			CNV_SELECT_MASK		= %100
   353
   354 				; Stick values:
   355 = 0008			STV_RIGHT_MASK		= %1000
   356 = 0004			STV_LEFT_MASK		= %0100
   357 = 0002			STV_DOWN_MASK		= %0010
   358 = 0001			STV_UP_MASK			= %0001
   359
   360 = 0008			STICK_MASK_RIGHT	= %1000
   361 = 0004			STICK_MASK_LEFT		= %0100
   362 = 0002			STICK_MASK_DOWN		= %0010
   363 = 0001			STICK_MASK_UP		= %0001
   364
   365 = 0007			STICK_VALUE_RIGHT	= %0111
   366 = 000B			STICK_VALUE_LEFT	= %1011
   367 = 000D			STICK_VALUE_DOWN	= %1101
   368 = 000E			STICK_VALUE_UP		= %1110
   369
   370 				/*
   371 				KBCode Hexadecimal Values
   372 				 	$00	$01	$02	$03	$04	$05	$06	$07	$08	$09	$0A	$0B	$0C	$0D	$0E	$0F
   373 				$00	L	J	;	F1	F2	K	+	*	O	 	P	U	CR	I	-	=
   374 				$10	V	Hlp	C	F3	F4	B	X	Z	4	 	3	6	Esc	5	2	1
   375 				$20	,	Spc	.	N	 	M	/	Inv	R	 	E	Y	Tab	T	W	Q
   376 				$30	9	 	0	7	BS	8	<	>	F	H	D	 	Cap	G	S	A
   377
   378 				together with Shift Key: add +$40
   379 				together with Control key: add +$80 
   380 				*/
   380
    21 					icl "../../base/sys_macros.m65"
Source: C:\Users\admin\OneDrive\Guille\Eclipse\workplace\WUDSN\GitHub\ARDungeonCartridge\BOOTCartridge\Alternate Reality - The dungeon\..\..\base\sys_macros.m65
     1 				;================================================================================
     2 				; System macros, Atari XL + mads [NRV 2009]
     3 				;================================================================================
     4
     5 				;--------------------------------------------------------------------------------
     6 				; SetVector [address] [word]
     7 				;--------------------------------------------------------------------------------
     8
     9 					.macro SetVector
    10 					   .if :0 <> 2
    11 					      .error "SetVector error"
    12 				
    13 					   .else
    14 					      lda #<:2
    15 					      sta :1
    16 					      lda #>:2
    17 					      sta :1+1
    18 					   .endif
    19 				
    20 					.endm
    21
    22
    23 				;--------------------------------------------------------------------------------
    24 				; SetColor [0..4] [0..255]
    25 				; SetColor [0..4] [0..15] [0..15]
    26 				;--------------------------------------------------------------------------------
    27
    28 					.macro SetColor
    29 					   .if :0 < 2 .or :0 > 3
    30 					      .error "SetColor error"
    31 				
    32 					   .else
    33 					      .if :0 = 2
    34 					          lda #:2
    35 					          sta COLPF0+:1
    36 					      .else
    37 					          lda #[:2 * 16 + :3]
    38 					          sta COLPF0+:1
    39 					      .endif
    40 					   .endif
    41 				
    42 					.endm
    43
    44
    45 				;--------------------------------------------------------------------------------
    46 				; SetPMColor [0..3] [0..255]
    47 				; SetPMColor [0..3] [0..15] [0..15]
    48 				;--------------------------------------------------------------------------------
    49
    50 					.macro SetPMColor
    51 					   .if :0 < 2 .or :0 > 3
    52 					      .error "SetPMColor error"
    53 				
    54 					   .else
    55 					      .if :0 = 2
    56 					          lda #:2
    57 					          sta COLPM0+:1
    58 					      .else
    59 					          lda #[:2 * 16 + :3]
    60 					          sta COLPM0+:1
    61 					      .endif
    62 					   .endif
    63 				
    64 					.endm
    65
    66
    67 				;--------------------------------------------------------------------------------
    68 				; VcountSync [0..130]
    69 				; (maximum limit is different on PAL: 155)
    70 				; (could wait forever if there are interrupts activated!)
    71 				; (or if some other "thread" uses "wsync")
    72 				;--------------------------------------------------------------------------------
    73
    74 					.macro VcountSync
    75 					   .if :0 <> 1
    76 					      .error "VcountSync error"
    77 				
    78 					   .else
    79 					      sta WSYNC
    80 				
    81 					      lda #:1
    82 				VSync1	 cmp VCOUNT
    83 					      bne VSync1
    84 				
    85 					      lda #:1+1
    86 				VSync2	 cmp VCOUNT
    87 					      bne VSync2
    88 				
    89 					      sta WSYNC
    90 					   .endif
    91 				
    92 					.endm
    93
    94
    95 				;--------------------------------------------------------------------------------
    96 				; VcountWait [0..130]
    97 				; (maximum limit is different on PAL: 155)
    98 				;--------------------------------------------------------------------------------
    99
   100 					.macro VcountWait
   101 					   .if :0 <> 1
   102 					      .error "VcountWait error"
   103 				
   104 					   .else
   105 					      lda #:1
   106 				VWait1	 cmp VCOUNT
   107 					      bne VWait1
   108 					   .endif
   109 				
   110 					.endm
   111
   112
   113 				;--------------------------------------------------------------------------------
   114 				; VcountWaitUntilEnter [0..129] [(p1+1)..130]
   115 				; (maximum limit is different on PAL: 155)
   116 				;--------------------------------------------------------------------------------
   117
   118 					.macro VcountWaitUntilEnter
   119 					   .if :0 <> 2 .or :1 >= :2
   120 					      .error "VcountWaitUntilEnter error"
   121 				
   122 					   .else
   123 				VWait1     lda VCOUNT
   124 						 cmp #:1
   125 						 beq VExit
   126 					      bcc VWait1	; VCOUNT < :1
   127 						 cmp #:2
   128 						 beq VExit
   129 					      bcs VWait1	; VCOUNT >= :2
   130 				VExit
   131 					   .endif
   132 				
   133 					.endm
   134
   135
   136 				;--------------------------------------------------------------------------------
   137 				; VcountWaitUntilExit [0..129] [(p1+1)..130]
   138 				; (maximum limit is different on PAL: 155)
   139 				;--------------------------------------------------------------------------------
   140
   141 					.macro VcountWaitUntilExit
   142 					   .if :0 <> 2 .or :1 >= :2
   143 					      .error "VcountWaitUntilExit error"
   144 				
   145 					   .else
   146 				VWait1     lda VCOUNT
   147 						 cmp #:1
   148 						 beq VWait1
   149 					      bcc VExit	; VCOUNT < :1
   150 						 cmp #:2
   151 					      bcc VWait1	; VCOUNT < :2
   152 						 beq VWait1
   153 				VExit
   154 					   .endif
   155 				
   156 					.endm
   157
   158
   159 				;--------------------------------------------------------------------------------
   160 				; MarkScanLine [0..255] [0..255]
   161 				; (mark the current scan line with a color)
   162 				;--------------------------------------------------------------------------------
   163
   164 					.macro MarkScanLine
   165 					   .if :0 <> 0 .and :0 <> 2
   166 					      .error "MarkScanLine error"
   167 				
   168 					   .else
   169 					  	   .if :0 = 0
   170 				  		      sta WSYNC
   171 				  	     	 lda #255		; mark color
   172 					  	      sta COLBK
   173 				
   174 				  		      sta WSYNC
   175 				  	     	 lda #0		; restore color
   176 					  	      sta COLBK
   177 				
   178 				  		   .else
   179 					     	 sta WSYNC
   180 						      lda #:1		; mark color
   181 						      sta COLBK
   182 				
   183 						      sta WSYNC
   184 						      lda #:2		; restore color
   185 					     	 sta COLBK
   186 						   .endif
   187 					   .endif
   188 				
   189 					.endm
   190
   191
   192 				;--------------------------------------------------------------------------------
   193 				; MarkScanLineIfConsol [0..255] [0..255]
   194 				; (mark the current scan line with a color, if a consol key is pressed)
   195 				;--------------------------------------------------------------------------------
   196
   197 					.macro MarkScanLineIfConsol
   198 					   .if :0 <> 0 .and :0 <> 2
   199 					      .error "MarkScanLineIfConsol error"
   200 				
   201 					   .else
   202 						 .if :0 = 0
   203 						      lda CONSOL
   204 						      and #%111
   205 					     	 cmp #%111
   206 						      beq ExitMarkScanLineIfConsol
   207 				
   208 						      sta WSYNC
   209 						      lda #255		; mark color
   210 						      sta COLBK
   211 				
   212 						      sta WSYNC
   213 						      lda #0		; restore color
   214 					     	 sta COLBK
   215 				
   216 					   	 .else
   217 						      lda CONSOL
   218 						      and #%111
   219 					     	 cmp #%111
   220 						      beq ExitMarkScanLineIfConsol
   221 				
   222 						      sta WSYNC
   223 					     	 lda #:1		; mark color
   224 						      sta COLBK
   225 				
   226 						      sta WSYNC
   227 					     	 lda #:2		; restore color
   228 						      sta COLBK
   229 				
   230 					   	 .endif
   231 					   .endif
   232 				
   233 				ExitMarkScanLineIfConsol
   234 				
   235 					.endm
   236
   237
   238 				;--------------------------------------------------------------------------------
   239 				; MarkCyclesIfConsol [0..255] [0..255]
   240 				; (mark the current scan position with a color, for some cycles)
   241 				;--------------------------------------------------------------------------------
   242
   243 					.macro MarkCyclesIfConsol
   244 					   .if :0 = 0
   245 					      lda CONSOL
   246 					      and #%111
   247 					      cmp #%111
   248 					      beq ExitMarkCyclesIfConsol
   249 				
   250 					      lda #255		; mark color
   251 					      sta COLBK
   252 				
   253 					      lda ($00),y	; dummy 5 cycles
   254 					      lda ($00),y	; dummy 5 cycles
   255 					      lda ($00),y	; dummy 5 cycles
   256 					      lda ($00),y	; dummy 5 cycles
   257 					      lda ($00),y	; dummy 5 cycles
   258 					      lda ($00),y	; dummy 5 cycles
   259 				
   260 					      lda #0		; restore color
   261 					      sta COLBK
   262 				
   263 					   .elseif :0 = 2
   264 					      lda CONSOL
   265 					      and #%111
   266 					      cmp #%111
   267 					      beq ExitMarkCyclesIfConsol
   268 				
   269 					      lda #:1		; mark color
   270 					      sta COLBK
   271 				
   272 					      lda ($00),y	; dummy 5 cycles
   273 					      lda ($00),y	; dummy 5 cycles
   274 					      lda ($00),y	; dummy 5 cycles
   275 					      lda ($00),y	; dummy 5 cycles
   276 					      lda ($00),y	; dummy 5 cycles
   277 					      lda ($00),y	; dummy 5 cycles
   278 				
   279 					      lda #:2		; restore color
   280 					      sta COLBK
   281 				
   282 					   .else
   283 					      .error "MarkCyclesIfConsol error"
   284 				
   285 					   .endif
   286 				
   287 				ExitMarkCyclesIfConsol
   288 				
   289 					.endm
   290
   291
   292 				;--------------------------------------------------------------------------------
   293 				; SetBasic [0,1]
   294 				;--------------------------------------------------------------------------------
   295
   296 					.macro SetBasic
   297 					   .if :0 <> 1
   298 					      .error "SetBasic error"
   299 				
   300 					   .else
   301 					      .if :1 = 0
   302 					         lda PORTB	; deactivate Basic
   303 					         ora #%00000010
   304 					         sta PORTB
   305 					      .else
   306 					         lda PORTB	; activate Basic
   307 					         and #%11111101
   308 					         sta PORTB
   309 					      .endif
   310 					   .endif
   311 				
   312 					.endm
   313
   314
   315 				;--------------------------------------------------------------------------------
   316 				; SetOperativeSystem [0,1]
   317 				;--------------------------------------------------------------------------------
   318
   319 					.macro SetOperativeSystem
   320 					   .if :0 <> 1
   321 					      .error "SetOperativeSystem error"
   322 				
   323 					   .else
   324 					      .if :1 = 0
   325 					         lda PORTB	; deactivate Operative System
   326 					         and #%11111110
   327 					         sta PORTB
   328 					      .else
   329 					         lda PORTB	; activate Operative System
   330 					         ora #%00000001
   331 					         sta PORTB
   332 					      .endif
   333 					   .endif
   334 				
   335 					.endm
   336
   337
   338 				;--------------------------------------------------------------------------------
   339 				; EnableBasic
   340 				;--------------------------------------------------------------------------------
   341
   342 					.macro EnableBasic
   343 					   .if :0 <> 0
   344 					      .error "EnableBasic error"
   345 				
   346 					   .else
   347 					      SetBasic 1
   348 					   .endif
   349 				
   350 					.endm
   351
   352
   353 				;--------------------------------------------------------------------------------
   354 				; DisableBasic
   355 				;--------------------------------------------------------------------------------
   356
   357 					.macro DisableBasic
   358 					   .if :0 <> 0
   359 					      .error "DisableBasic error"
   360 				
   361 					   .else
   362 					      SetBasic 0
   363 					   .endif
   364 				
   365 					.endm
   366
   367
   368 				;--------------------------------------------------------------------------------
   369 				; EnableOperativeSystem
   370 				;--------------------------------------------------------------------------------
   371
   372 					.macro EnableOperativeSystem
   373 					   .if :0 <> 0
   374 					      .error "EnableOperativeSystem error"
   375 				
   376 					   .else
   377 					      SetOperativeSystem 1
   378 					   .endif
   379 				
   380 					.endm
   381
   382
   383 				;--------------------------------------------------------------------------------
   384 				; DisableOperativeSystem
   385 				;--------------------------------------------------------------------------------
   386
   387 					.macro DisableOperativeSystem
   388 					   .if :0 <> 0
   389 					      .error "DisableOperativeSystem error"
   390 				
   391 					   .else
   392 					      SetOperativeSystem 0
   393 					   .endif
   394 				
   395 					.endm
   396
   397
   398 				;--------------------------------------------------------------------------------
   399 				; EnableNormalInterrupts
   400 				;--------------------------------------------------------------------------------
   401
   402 					.macro EnableNormalInterrupts
   403 					   .if :0 <> 0
   404 					      .error "EnableNormalInterrupts error"
   405 				
   406 					   .else
   407 					      cli
   408 				;	      lda #[8+16+32]	; serial I/O interrupts
   409 				;	      lda #[64+128]		; keyboard and break interrupts (only ones enabled on powerup)
   410 				;	      sta IRQEN
   411 					      lda #64			; VBI interrupt
   412 					      sta NMIEN
   413 					   .endif
   414 				
   415 					.endm
   416
   417
   418 				;--------------------------------------------------------------------------------
   419 				; DisableNormalInterrupts
   420 				;--------------------------------------------------------------------------------
   421
   422 					.macro DisableNormalInterrupts
   423 					   .if :0 <> 0
   424 					      .error "DisableNormalInterrupts error"
   425 				
   426 					   .else
   427 					      sei
   428 					      lda #0
   429 					      sta IRQEN
   430 					      sta NMIEN
   431 					   .endif
   432 				
   433 					.endm
   434
   435
   436 				;--------------------------------------------------------------------------------
   437 				; ClearSystem
   438 				;--------------------------------------------------------------------------------
   439
   440 					.macro ClearSystem
   441 					   .if :0 <> 0
   442 					      .error "ClearSystem error"
   443 				
   444 					   .else
   445 					      clc
   446 					      cld
   447 				
   448 					      sei
   449 				
   450 					      lda #0
   451 					      sta IRQEN	; clear interrupts and screen
   452 					      sta NMIEN
   453 				
   454 					      sta DMACTL
   455 					      sta COLBK
   456 				
   457 					      sta GRACTL	; clear P/M
   458 					      sta GRAFP0
   459 					      sta GRAFP1
   460 					      sta GRAFP2
   461 					      sta GRAFP3
   462 					      sta GRAFM
   463 				
   464 					      sta HPOSP0
   465 					      sta HPOSP1
   466 					      sta HPOSP2
   467 					      sta HPOSP3
   468 					      sta HPOSM0
   469 					      sta HPOSM1
   470 					      sta HPOSM2
   471 					      sta HPOSM3
   472 				
   473 					      sta PRIOR	; clear GTIA also
   474 				
   475 					      sta AUDCTL	; clear sound
   476 					      sta AUDC1
   477 					      sta AUDC2
   478 					      sta AUDC3
   479 					      sta AUDC4
   480 				
   481 					      lda #3
   482 					      sta SKCTL
   483 					   .endif
   484 				
   485 					.endm
   486
   487
   488 				;--------------------------------------------------------------------------------
   489 				; SetDisplayListAddress [word]
   490 				; (use when the screen is not being displayed!)
   491 				; (remember to not cross the 1K limit..)
   492 				;--------------------------------------------------------------------------------
   493
   494 					.macro SetDisplayListAddress
   495 					   .if :0 <> 1
   496 					      .error "SetDisplayListAddress error"
   497 				
   498 					   .else
   499 					      SetVector DLISTL, :1
   500 				
   501 				;	      lda #<:1
   502 				;	      sta DLISTL
   503 				;	      lda #>:1
   504 				;	      sta DLISTH
   505 					   .endif
   506 				
   507 					.endm
   508
   509
   510 				;--------------------------------------------------------------------------------
   511 				; SetFontAddress [word]
   512 				; (remember that this transform to a page a number)
   513 				;--------------------------------------------------------------------------------
   514
   515 					.macro SetFontAddress
   516 					   .if :0 <> 1
   517 					      .error "SetFontAddress error"
   518 				
   519 					   .else
   520 					      lda #>:1
   521 					      sta CHBASE
   522 					   .endif
   523 				
   524 					.endm
   525
   526
   527 				;--------------------------------------------------------------------------------
   528 				; SetPMBaseAddress [word]
   529 				; (remember that this transform to a page a number)
   530 				;--------------------------------------------------------------------------------
   531
   532 					.macro SetPMBaseAddress
   533 					   .if :0 <> 1
   534 					      .error "SetPMBaseAddress error"
   535 				
   536 					   .else
   537 					      lda #>:1
   538 					      sta PMBASE
   539 					   .endif
   540 				
   541 					.endm
   542
   543
   544 				;--------------------------------------------------------------------------------
   545 				; SetMemory [address] [bytes] [value]
   546 				;--------------------------------------------------------------------------------
   547
   548 				; warning, using some page zero memory
   549
   550 					.macro SetMemory
   551 				
   552 				setMemPtr	= 254
   553 				setMemCounter	= 252
   554 				
   555 					   .if :0 <> 3
   556 					      .error "SetMemory error"
   557 				
   558 					   .else
   559 					      ldy #0
   560 				
   561 					      lda #<:1
   562 					      sta setMemPtr
   563 					      lda #>:1
   564 					      sta setMemPtr+1
   565 				
   566 					      .if :2 < 256
   567 					         lda #:3
   568 				setMemLoop1
   569 					         sta (setMemPtr),y
   570 					         iny
   571 					         cpy #:2
   572 					         bne setMemLoop1
   573 				
   574 					      .else
   575 					         lda #<:2
   576 					         sta setMemCounter
   577 					         lda #>:2
   578 					         sta setMemCounter+1
   579 				
   580 				setMemLoop2
   581 					         lda #:3
   582 					         sta (setMemPtr),y
   583 					         iny
   584 					         bne setMemB1
   585 					         inc setMemPtr+1
   586 				setMemB1
   587 					         lda setMemCounter
   588 					         bne setMemB2
   589 					         dec setMemCounter+1
   590 				setMemB2
   591 					         dec setMemCounter
   592 				
   593 					         lda setMemCounter
   594 					         ora setMemCounter+1
   595 					         bne setMemLoop2
   596 					      .endif
   597 					   .endif
   598 				
   599 					.endm
   600
   601
   602 				;--------------------------------------------------------------------------------
   603 				; SetMemoryRandom [address] [bytes]
   604 				;--------------------------------------------------------------------------------
   605
   606 				; warning, using some page zero memory
   607
   608 					.macro SetMemoryRandom
   609 				
   610 				setMemRPtr	= 254
   611 				setMemRCounter	= 252
   612 				
   613 					   .if :0 <> 2
   614 					      .error "SetMemoryRandom error"
   615 				
   616 					   .else
   617 					      ldy #0
   618 				
   619 					      lda #<:1
   620 					      sta setMemRPtr
   621 					      lda #>:1
   622 					      sta setMemRPtr+1
   623 				
   624 					      .if :2 < 256
   625 				setMemRLoop1
   626 					         lda RANDOM
   627 					         sta (setMemRPtr),y
   628 					         iny
   629 					         cpy #:2
   630 					         bne setMemRLoop1
   631 				
   632 					      .else
   633 					         lda #<:2
   634 					         sta setMemRCounter
   635 					         lda #>:2
   636 					         sta setMemRCounter+1
   637 				
   638 				setMemRLoop2
   639 					         lda RANDOM
   640 					         sta (setMemRPtr),y
   641 					         iny
   642 					         bne setMemRB1
   643 					         inc setMemRPtr+1
   644 				setMemRB1
   645 					         lda setMemRCounter
   646 					         bne setMemRB2
   647 					         dec setMemRCounter+1
   648 				setMemRB2
   649 					         dec setMemRCounter
   650 				
   651 					         lda setMemRCounter
   652 					         ora setMemRCounter+1
   653 					         bne setMemRLoop2
   654 					      .endif
   655 					   .endif
   656 				
   657 					.endm
   658
   659
   660 				;--------------------------------------------------------------------------------
   661 				; ClampMemory [address] [bytes] [min value] [max value]
   662 				;--------------------------------------------------------------------------------
   663
   664 				; warning, using some page zero memory
   665
   666 					.macro ClampMemory
   667 				
   668 				clampMemPtr	= 254
   669 				clampMemCounter	= 252
   670 				
   671 					   .if :0 <> 4
   672 					      .error "ClampMemory error"
   673 				
   674 					   .else
   675 					      ldy #0
   676 				
   677 					      lda #<:1
   678 					      sta clampMemPtr
   679 					      lda #>:1
   680 					      sta clampMemPtr+1
   681 				
   682 					      .if :2 < 256
   683 				clampMemLoop1
   684 					         lda (clampMemPtr),y
   685 					         cmp #:3
   686 					         bcs clampMemB3		; if >= min then continue
   687 					         lda #:3
   688 					         jmp clampMemB4
   689 				clampMemB3
   690 					         cmp #:4
   691 					         bcc clampMemB4		; if < max then continue
   692 				;	         beq clampMemB4		; if = max then continue
   693 					         lda #:4
   694 				clampMemB4
   695 					         sta (clampMemPtr),y
   696 				
   697 					         iny
   698 					         cpy #:2
   699 					         bne clampMemLoop1
   700 				
   701 					      .else
   702 					         lda #<:2
   703 					         sta clampMemCounter
   704 					         lda #>:2
   705 					         sta clampMemCounter+1
   706 				
   707 				clampMemLoop2
   708 					         lda (clampMemPtr),y
   709 					         cmp #:3
   710 					         bcs clampMemB5		; if >= min then continue
   711 					         lda #:3
   712 					         jmp clampMemB6
   713 				clampMemB5
   714 					         cmp #:4
   715 					         bcc clampMemB6		; if < max then continue
   716 				;	         beq clampMemB6		; if = max then continue
   717 					         lda #:4
   718 				clampMemB6
   719 					         sta (clampMemPtr),y
   720 				
   721 					         iny
   722 					         bne clampMemB1
   723 					         inc clampMemPtr+1
   724 				clampMemB1
   725 					         lda clampMemCounter
   726 					         bne clampMemB2
   727 					         dec clampMemCounter+1
   728 				clampMemB2
   729 					         dec clampMemCounter
   730 				
   731 					         lda clampMemCounter
   732 					         ora clampMemCounter+1
   733 					         bne clampMemLoop2
   734 					      .endif
   735 					   .endif
   736 				
   737 					.endm
   738
   739
   740 				;--------------------------------------------------------------------------------
   741 				; AndMemory [address] [bytes] [value]
   742 				;--------------------------------------------------------------------------------
   743
   744 				; warning, using some page zero memory
   745
   746 					.macro AndMemory
   747 				
   748 				andMemPtr	= 254
   749 				andMemCounter	= 252
   750 				
   751 					   .if :0 <> 3
   752 					      .error "AndMemory error"
   753 				
   754 					   .else
   755 					      ldy #0
   756 				
   757 					      lda #<:1
   758 					      sta andMemPtr
   759 					      lda #>:1
   760 					      sta andMemPtr+1
   761 				
   762 					      .if :2 < 256
   763 				andMemLoop1
   764 					         lda (andMemPtr),y
   765 					         and #:3
   766 					         sta (andMemPtr),y
   767 					         iny
   768 					         cpy #:2
   769 					         bne andMemLoop1
   770 				
   771 					      .else
   772 					         lda #<:2
   773 					         sta andMemCounter
   774 					         lda #>:2
   775 					         sta andMemCounter+1
   776 				
   777 				andMemLoop2
   778 					         lda (andMemPtr),y
   779 					         and #:3
   780 					         sta (andMemPtr),y
   781 					         iny
   782 					         bne andMemB1
   783 					         inc andMemPtr+1
   784 				andMemB1
   785 					         lda andMemCounter
   786 					         bne andMemB2
   787 					         dec andMemCounter+1
   788 				andMemB2
   789 					         dec andMemCounter
   790 				
   791 					         lda andMemCounter
   792 					         ora andMemCounter+1
   793 					         bne andMemLoop2
   794 					      .endif
   795 					   .endif
   796 				
   797 					.endm
   798
   799
   800 				;--------------------------------------------------------------------------------
   801 				; CopyMemory [source address] [dest address] [bytes]
   802 				;--------------------------------------------------------------------------------
   803
   804 				; warning, using some page zero memory
   805
   806 					.macro CopyMemory
   807 				
   808 				copyMemPtr1	= 254
   809 				copyMemPtr2	= 252
   810 				copyMemCounter	= 250
   811 				
   812 					   .if :0 <> 3
   813 					      .error "CopyMemory error"
   814 				
   815 					   .else
   816 					      ldy #0
   817 				
   818 					      .if :3 <= 256
   819 				copyMemLoop1
   820 						lda :1,y
   821 						sta :2,y
   822 						iny
   823 						.if :3 < 256
   824 							cpy #<:3
   825 						.endif
   826 						bne copyMemLoop1
   827 				
   828 					      .else
   829 					        lda #<:1
   830 					        sta copyMemPtr1
   831 					        lda #>:1
   832 					        sta copyMemPtr1+1
   833 						lda #<:2
   834 						sta copyMemPtr2
   835 						lda #>:2
   836 						sta copyMemPtr2+1
   837 						lda #<:3
   838 						sta copyMemCounter
   839 						lda #>:3
   840 						sta copyMemCounter+1
   841 				
   842 				copyMemLoop2
   843 						lda (copyMemPtr1),y
   844 						sta (copyMemPtr2),y
   845 						iny
   846 						bne copyMemB1
   847 						inc copyMemPtr1+1
   848 						inc copyMemPtr2+1
   849 				copyMemB1
   850 						lda copyMemCounter
   851 						bne copyMemB2
   852 						dec copyMemCounter+1
   853 				copyMemB2
   854 						dec copyMemCounter
   855 				
   856 						lda copyMemCounter
   857 						ora copyMemCounter+1
   858 						bne copyMemLoop2
   859 					      .endif
   860 					   .endif
   861 				
   862 					.endm
   863
   864
   865 				;--------------------------------------------------------------------------------
   866 				; CreateDisplayList [DL address] [DL mode] [memory address]
   867 				; (remember to not cross the 1K limit.. and the 4K limit)
   868 				;--------------------------------------------------------------------------------
   869
   870 				; 	.macro CreateDisplayList
   871 				; 	   .if :0 <> 3
   872 				; 	      .error "CreateDisplayList error"
   873 				; 
   874 				; 	   .else
   875 				; 
   876 				; 	   .endif
   877 				; 
   878 				; 	.endm
   879
   880
   881 				;--------------------------------------------------------------------------------
   882 				;
   883 				;--------------------------------------------------------------------------------
   884
   885
   886
    22 					
    23 				// Now a cart type definition
    24
    25 				//Cartridge types available
    26 				// 1: Atarimax 8 Mbit
    27 				// 2: Switchable XEGS 8 Mbit
    28 				// 3: Atarimax 1 Mbit
    29 				// 4: Atrax 128 Kbytes (1 Mbit)
    30 				// 5: Megacart 128 KB
    31 				// 6: Megacart 1024 KB
    32
    33 = 0001			TYPE_CART =1
    34
    35 				.if TYPE_CART = 1 
    36 = A000				start_cartridge = $A000
    37 = C000				end_bank = $C000
    38 = 0080				cart_banks = 128
    39 = D5FF				cart_apaga = $D5FF
    40 = 0000				FLAG_16KB = $00
    41 				.elseif TYPE_CART = 2
    42 					start_cartridge = $8000
    43 					end_bank = $A000
    44 					cart_banks = 128
    45 					cart_apaga = $D5FF
    46 					FLAG_16KB = $00
    47 				.elseif TYPE_CART = 3
    48 					start_cartridge = $A000
    49 					end_bank = $C000
    50 					cart_banks = 16
    51 					cart_apaga = $D51F
    52 					FLAG_16KB = $00
    53 				.elseif TYPE_CART = 4
    54 					start_cartridge = $A000
    55 					end_bank = $C000
    56 					cart_banks = 16
    57 					cart_apaga = $D5FF
    58 					FLAG_16KB = $00
    59 				.elseif TYPE_CART = 5
    60 					start_cartridge = $8000
    61 					end_bank = $C000
    62 					cart_banks = 8
    63 					cart_apaga = $D5FF
    64 					FLAG_16KB = $01
    65 				.elseif TYPE_CART = 6
    66 					start_cartridge = $8000
    67 					end_bank = $C000
    68 					cart_banks = 64
    69 					cart_apaga = $D5FF
    70 					FLAG_16KB = $01
    71 				.else
    72 					.error "Cartridge type not defined"
    73 				.endif
    74
    75 				//Parameters to init the loader
    76
    77 = 0400			start_loader = $0400
    78 = 0480			start_init2 = $480
    79
    80
    81 				// Page zero parameters
    82 = 0032			BUFRLO 	= $32
    83 = 0033			BUFRHI 	= $33
    84 = 0034			AUX1	= $34
    85 = 0035			AUX2	= $35
    86 = 0036			c_bank	= $36
    87
    88 				//Starting the cartridge
    89
    90 					org start_cartridge
    91 A000				lmb #$00	//BANK 0
    92
    93 				// First, copy the loader routine and get back to the OS. You can do whatever you want to initialize.
    94 				Copy_init
    95 				.proc init
    96 				// 1st stage
    97 A000 A9 FF 8D 01 D3		mva #$ff portb
    98 A005 A9 02 8D F8 03		mva #$02 basicf
    99 A00A				CopyMemory Copy_loader, start_loader,(.len loader)	//Copy loader to the desired address in the parameters.
Macro: COPYMEMORY [Source: C:\Users\admin\OneDrive\Guille\Eclipse\workplace\WUDSN\GitHub\ARDungeonCartridge\BOOTCartridge\Alternate Reality - The dungeon\..\..\base\sys_macros.m65]
     2 = 00FE			copyMemPtr1	= 254
     3 = 00FC			copyMemPtr2	= 252
     4 = 00FA			copyMemCounter	= 250
    10 A00A A0 00			      ldy #0
    13 A00C			copyMemLoop1
    14 A00C B9 9C A1				lda COPY_LOADER,y
    15 A00F 99 00 04				sta START_LOADER,y
    16 A012 C8					iny
    18 A013 C0 6A					cpy #<(.LEN LOADER)
    20 A015 D0 F5				bne copyMemLoop1
Source: C:\Users\admin\OneDrive\Guille\Eclipse\workplace\WUDSN\GitHub\ARDungeonCartridge\BOOTCartridge\Alternate Reality - The dungeon\Ardungeon.asm
   100 A017				CopyMemory Copy_init2, init2, (.len init2)		//Copy second init routine if necessary.
Macro: COPYMEMORY [Source: C:\Users\admin\OneDrive\Guille\Eclipse\workplace\WUDSN\GitHub\ARDungeonCartridge\BOOTCartridge\Alternate Reality - The dungeon\..\..\base\sys_macros.m65]
     2 = 00FE			copyMemPtr1	= 254
     3 = 00FC			copyMemPtr2	= 252
     4 = 00FA			copyMemCounter	= 250
    10 A017 A0 00			      ldy #0
    13 A019			copyMemLoop1
    14 A019 B9 03 A1				lda COPY_INIT2,y
    15 A01C 99 80 04				sta INIT2,y
    16 A01F C8					iny
    18 A020 C0 99					cpy #<(.LEN INIT2)
    20 A022 D0 F5				bne copyMemLoop1
Source: C:\Users\admin\OneDrive\Guille\Eclipse\workplace\WUDSN\GitHub\ARDungeonCartridge\BOOTCartridge\Alternate Reality - The dungeon\Ardungeon.asm
   101 A024 78				sei
   102 A025 A9 00 8D 0E D4		mva #$00 nmien
   103 A02A				CopyMemory $c000,$600,$1000				//Copy OS to RAM
Macro: COPYMEMORY [Source: C:\Users\admin\OneDrive\Guille\Eclipse\workplace\WUDSN\GitHub\ARDungeonCartridge\BOOTCartridge\Alternate Reality - The dungeon\..\..\base\sys_macros.m65]
     2 = 00FE			copyMemPtr1	= 254
     3 = 00FC			copyMemPtr2	= 252
     4 = 00FA			copyMemCounter	= 250
    10 A02A A0 00			      ldy #0
    23 A02C A9 00			        lda #<$C000
    24 A02E 85 FE			        sta copyMemPtr1
    25 A030 A9 C0			        lda #>$C000
    26 A032 85 FF			        sta copyMemPtr1+1
    27 A034 A9 00				lda #<$600
    28 A036 85 FC				sta copyMemPtr2
    29 A038 A9 06				lda #>$600
    30 A03A 85 FD				sta copyMemPtr2+1
    31 A03C A9 00				lda #<$1000
    32 A03E 85 FA				sta copyMemCounter
    33 A040 A9 10				lda #>$1000
    34 A042 85 FB				sta copyMemCounter+1
    36 A044			copyMemLoop2
    37 A044 B1 FE				lda (copyMemPtr1),y
    38 A046 91 FC				sta (copyMemPtr2),y
    39 A048 C8					iny
    40 A049 D0 04				bne copyMemB1
    41 A04B E6 FF				inc copyMemPtr1+1
    42 A04D E6 FD				inc copyMemPtr2+1
    43 A04F			copyMemB1
    44 A04F A5 FA				lda copyMemCounter
    45 A051 D0 02				bne copyMemB2
    46 A053 C6 FB				dec copyMemCounter+1
    47 A055			copyMemB2
    48 A055 C6 FA				dec copyMemCounter
    50 A057 A5 FA				lda copyMemCounter
    51 A059 05 FB				ora copyMemCounter+1
    52 A05B D0 E7				bne copyMemLoop2
Source: C:\Users\admin\OneDrive\Guille\Eclipse\workplace\WUDSN\GitHub\ARDungeonCartridge\BOOTCartridge\Alternate Reality - The dungeon\Ardungeon.asm
   104 A05D				CopyMemory $d800,$1600,$2800
Macro: COPYMEMORY [Source: C:\Users\admin\OneDrive\Guille\Eclipse\workplace\WUDSN\GitHub\ARDungeonCartridge\BOOTCartridge\Alternate Reality - The dungeon\..\..\base\sys_macros.m65]
     2 = 00FE			copyMemPtr1	= 254
     3 = 00FC			copyMemPtr2	= 252
     4 = 00FA			copyMemCounter	= 250
    10 A05D A0 00			      ldy #0
    23 A05F A9 00			        lda #<$D800
    24 A061 85 FE			        sta copyMemPtr1
    25 A063 A9 D8			        lda #>$D800
    26 A065 85 FF			        sta copyMemPtr1+1
    27 A067 A9 00				lda #<$1600
    28 A069 85 FC				sta copyMemPtr2
    29 A06B A9 16				lda #>$1600
    30 A06D 85 FD				sta copyMemPtr2+1
    31 A06F A9 00				lda #<$2800
    32 A071 85 FA				sta copyMemCounter
    33 A073 A9 28				lda #>$2800
    34 A075 85 FB				sta copyMemCounter+1
    36 A077			copyMemLoop2
    37 A077 B1 FE				lda (copyMemPtr1),y
    38 A079 91 FC				sta (copyMemPtr2),y
    39 A07B C8					iny
    40 A07C D0 04				bne copyMemB1
    41 A07E E6 FF				inc copyMemPtr1+1
    42 A080 E6 FD				inc copyMemPtr2+1
    43 A082			copyMemB1
    44 A082 A5 FA				lda copyMemCounter
    45 A084 D0 02				bne copyMemB2
    46 A086 C6 FB				dec copyMemCounter+1
    47 A088			copyMemB2
    48 A088 C6 FA				dec copyMemCounter
    50 A08A A5 FA				lda copyMemCounter
    51 A08C 05 FB				ora copyMemCounter+1
    52 A08E D0 E7				bne copyMemLoop2
Source: C:\Users\admin\OneDrive\Guille\Eclipse\workplace\WUDSN\GitHub\ARDungeonCartridge\BOOTCartridge\Alternate Reality - The dungeon\Ardungeon.asm
   105 A090 A9 FE 8D 01 D3		mva #$fe portb
   106 A095				CopyMemory $600,$c000,$1000				//Put OS on upper RAM
Macro: COPYMEMORY [Source: C:\Users\admin\OneDrive\Guille\Eclipse\workplace\WUDSN\GitHub\ARDungeonCartridge\BOOTCartridge\Alternate Reality - The dungeon\..\..\base\sys_macros.m65]
     2 = 00FE			copyMemPtr1	= 254
     3 = 00FC			copyMemPtr2	= 252
     4 = 00FA			copyMemCounter	= 250
    10 A095 A0 00			      ldy #0
    23 A097 A9 00			        lda #<$600
    24 A099 85 FE			        sta copyMemPtr1
    25 A09B A9 06			        lda #>$600
    26 A09D 85 FF			        sta copyMemPtr1+1
    27 A09F A9 00				lda #<$C000
    28 A0A1 85 FC				sta copyMemPtr2
    29 A0A3 A9 C0				lda #>$C000
    30 A0A5 85 FD				sta copyMemPtr2+1
    31 A0A7 A9 00				lda #<$1000
    32 A0A9 85 FA				sta copyMemCounter
    33 A0AB A9 10				lda #>$1000
    34 A0AD 85 FB				sta copyMemCounter+1
    36 A0AF			copyMemLoop2
    37 A0AF B1 FE				lda (copyMemPtr1),y
    38 A0B1 91 FC				sta (copyMemPtr2),y
    39 A0B3 C8					iny
    40 A0B4 D0 04				bne copyMemB1
    41 A0B6 E6 FF				inc copyMemPtr1+1
    42 A0B8 E6 FD				inc copyMemPtr2+1
    43 A0BA			copyMemB1
    44 A0BA A5 FA				lda copyMemCounter
    45 A0BC D0 02				bne copyMemB2
    46 A0BE C6 FB				dec copyMemCounter+1
    47 A0C0			copyMemB2
    48 A0C0 C6 FA				dec copyMemCounter
    50 A0C2 A5 FA				lda copyMemCounter
    51 A0C4 05 FB				ora copyMemCounter+1
    52 A0C6 D0 E7				bne copyMemLoop2
Source: C:\Users\admin\OneDrive\Guille\Eclipse\workplace\WUDSN\GitHub\ARDungeonCartridge\BOOTCartridge\Alternate Reality - The dungeon\Ardungeon.asm
   107 A0C8				CopyMemory $1600,$d800,$2800
Macro: COPYMEMORY [Source: C:\Users\admin\OneDrive\Guille\Eclipse\workplace\WUDSN\GitHub\ARDungeonCartridge\BOOTCartridge\Alternate Reality - The dungeon\..\..\base\sys_macros.m65]
     2 = 00FE			copyMemPtr1	= 254
     3 = 00FC			copyMemPtr2	= 252
     4 = 00FA			copyMemCounter	= 250
    10 A0C8 A0 00			      ldy #0
    23 A0CA A9 00			        lda #<$1600
    24 A0CC 85 FE			        sta copyMemPtr1
    25 A0CE A9 16			        lda #>$1600
    26 A0D0 85 FF			        sta copyMemPtr1+1
    27 A0D2 A9 00				lda #<$D800
    28 A0D4 85 FC				sta copyMemPtr2
    29 A0D6 A9 D8				lda #>$D800
    30 A0D8 85 FD				sta copyMemPtr2+1
    31 A0DA A9 00				lda #<$2800
    32 A0DC 85 FA				sta copyMemCounter
    33 A0DE A9 28				lda #>$2800
    34 A0E0 85 FB				sta copyMemCounter+1
    36 A0E2			copyMemLoop2
    37 A0E2 B1 FE				lda (copyMemPtr1),y
    38 A0E4 91 FC				sta (copyMemPtr2),y
    39 A0E6 C8					iny
    40 A0E7 D0 04				bne copyMemB1
    41 A0E9 E6 FF				inc copyMemPtr1+1
    42 A0EB E6 FD				inc copyMemPtr2+1
    43 A0ED			copyMemB1
    44 A0ED A5 FA				lda copyMemCounter
    45 A0EF D0 02				bne copyMemB2
    46 A0F1 C6 FB				dec copyMemCounter+1
    47 A0F3			copyMemB2
    48 A0F3 C6 FA				dec copyMemCounter
    50 A0F5 A5 FA				lda copyMemCounter
    51 A0F7 05 FB				ora copyMemCounter+1
    52 A0F9 D0 E7				bne copyMemLoop2
Source: C:\Users\admin\OneDrive\Guille\Eclipse\workplace\WUDSN\GitHub\ARDungeonCartridge\BOOTCartridge\Alternate Reality - The dungeon\Ardungeon.asm
   108 A0FB A9 40 8D 0E D4		mva #$40 nmien
   109 A100 58				cli
   110 A101 18				clc	// No errors!
   111 A102 60				rts	// Done
   112 				.endp
   113 A103			Copy_init2
   114 A103			.proc init2, start_init2
   115 0480 A2 FF			ldx #$ff
   116 0482 9A				txs
   117 0483 8E FF D5			stx cart_apaga
   118 0486 AD 13 D0 8D FA 03		mva trig3 gintlk
   119 048C A9 00 8D 04 03 A9 + 	mwa #$600 dbuflo
   120 0496 A9 01 8D 0A 03 A9 + 	mwa #$01  daux1
   121 04A0 A9 52 8D 02 03		mva #$52  dcomnd
   122 04A5 20 00 04			jsr loader		//Read 1st sector
   123 04A8 A9 00 8D 33 06 A9 + 	mwa #loader $633	//Patch SIO call
   124 04B2 A9 BF 8D 3E 06 A9 + 	mwa #cont $63e		//Patch final instruction
   125 04BC 4C 06 06			jmp $606
   126 04BF			cont
   127 04BF A9 00			lda #$00
   128 04C1 8D 2F 02			sta sdmctl
   129 04C4 8D 00 D4			sta dmactl		//Turn screen off
   130 04C7 A9 00 8D 46 B0 A9 + 	mwa #loader $b046	//Patch SIO call
   131 04D1 A9 DE 8D 41 B0 A9 + 	mwa #cont2 $b041	//Patch final instruction
   132 04DB 4C 00 B0			jmp $b000		//GO!
   133 04DE			cont2
   134 04DE A9 22			lda #$22
   135 04E0 8D 2F 02			sta sdmctl
   136 04E3 8D 00 D4			sta dmactl		//Turn screen on
   137 04E6 A9 00 8D 43 1E A9 + 	mwa #loader $1e43	//Patch SIO call 1
   138 04F0 A9 00 8D 7D 1E A9 + 	mwa #loader $1e7d	//Patch SIO call 2
   139 04FA A9 07 8D 7A 1E A9 + 	mwa #cont3 $1e7a	//Patch final instruction
   140 0504 4C 00 20			jmp $2000		//Execute intro!!
   141 0507			cont3
   142 0507 A9 4C 8D A4 81		mva #$4c $81a4		//Skip
   143 050C A9 21 8D A5 81 A9 + 	mwa #$8221 $81a5	//RAM size detection
   144
   145 				//TO DO: patch custom SIO command to $CC00
   146 				//What to know:
   147 				//	$230 = SIO drive ID ($31-$34)
   148 				//	$231 = SIO command ($52 read, $53 status, $50 put, $22 format)
   149 				//	$232 = SIO aux1 (sector number lo byte)
   150 				//	$233 = SIO aux2 (sector number hi byte)
   151 				// Pending: where to locate the buffer ($CD00? or similar.)
   152
   153 0516 4C 7E 80			jmp $807e		//Go to the game!
   154 				.endp
   155
   156 A19C			Copy_init3
   157
   158 				// Now, we put the loader
   159 A19C			Copy_Loader
   160 A19C			.proc	loader , start_loader
   161 0400 78				sei		// No IRQs!
   162 0401 AD 0E D4			lda nmien	// Save NMIEN
   163 0404 48				pha		// Store it
   164 0405 A9 00			lda #$00	
   165 0407 8D 0E D4			sta nmien	// No NMIs!
   166 040A AD 04 03			lda dbuflo	// Take LSB of the address to store
   167 040D 85 32			sta bufrlo	// Store it on Page Zero!
   168 040F AD 05 03			lda dbufhi	// Take MSB of the addres to store
   169 0412 85 33			sta bufrhi	// Store it!
   170 0414 38				sec		// Let's substract 1
   171 0415 AD 0A 03			lda daux1	// To the sector number!
   172 0418 E9 01			sbc #$01
   173 041A 85 34			sta aux1	// Store it!
   174 041C AD 0B 03			lda daux2	// Take MSB of the sector to read
   175 041F E9 00			sbc #$00	// Make sure we store it
   176 0421 85 35			sta aux2	// on page zero!
   177 0423 18				clc		// Clear the carry.
   178 0424 A5 34			lda aux1	// Take new sector number
   179 0426 48				pha		// save it!
   180 					.if FLAG_16KB = 0
   181 0427 29 C0				and #$c0	// Take bits 6 and 7
   182 					.else
   183 						and #$80	//In case of 16 kb banks just take bit 7
   184
   185 					.endif
   186 0429 4A 4A 4A 4A 4A 4A		:6 lsr		// Move it to bit 0 and 1!
   187 					.if FLAG_16KB = 1
   188 						lsr	// Or bit 7 to 0 in case of 16kb banks
   189 					.endif
   190 042F 85 34			sta aux1	// Store it!
   191 0431 A5 35			lda aux2	// Take MSB of the sector.
   192 0433 0A				asl		// Move 2 bits to the left! Bits 0 and 1 are zero 
   193 					.if FLAG_16KB = 0 //Or 1 bit if it's a Megacart
   194 0434 0A					asl		// Done!
   195 					.endif
   196 0435 05 34			ora aux1	// Put bits 0 and 1 on from the previous calculation 
   197 0437 18				clc		// Preparing to add 1
   198 = 0439			parameter=*+1		// IMPORTANT: the parameter sets the initial side from the disk. Originally, 1
   199 0438 69 01			adc #$01	// Add it!
   200 043A 85 36			sta c_bank	// Store cartridge bank!
   201 043C 68				pla		// take previous LSB of the sector number.
   202 					.if FLAG_16KB = 0
   203 043D 29 3F				and #$3F	// Take bits from 0 to 5. Bits 6 and 7 were previously taken to calculate the cartridge bank.
   204 					.else
   205 						and #$7f	// Take bits from 0 to 6. Bit 7 was previously taken to calculate the cartridge bank
   206 					.endif
   207 043F 4A				lsr		// Shift bit 0 to carry flag. That way, we'll know if the LSB to read on the cartridge is $00 or $80
   208 0440 09 A0			ora #>start_cartridge	// Establish the initial address from the cartridge
   209 0442 85 35			sta aux2	// Store it as MSB from the address to read from the cartridge
   210 0444 A9 00			lda #$00	// Taking carry
   211 0446 6A				ror		// To determine if LSB is $00 or $80
   212 0447 85 34			sta aux1	// Save it!
   213 0449 A0 7F			ldy #$7F	// Number of bytes to read from cartridge (128)
   214 044B			loop
   215 044B A5 36			lda c_bank	// First, we take the cartridge bank calculated
   216 044D AA				tax		// Transfer to register X
   217 044E 9D 00 D5			sta $d500,x	// And save to the cartridge control area. This way I can use Data bus or address bus bank-switching methods 
   218 0451 B1 34			lda (aux1),y	// Read the byte from the cartridge
   219 0453 48				pha		// Store it before turning off the cartridge
   220 0454 A9 FF			lda #$FF	// Let's turn the cartridge off
   221 0456 8D FF D5			sta cart_apaga	// Done!
   222 0459 68				pla		// Recover byte reading
   223 045A 91 32			sta (bufrlo),y	// Store it to the final address
   224 045C 88				dey		// Are we done with the byte copying?
   225 045D 10 EC			bpl loop	// Not yet
   226 045F 68				pla		// Ending the cartridge reading process. Now we recover the computer status
   227 0460 8D 0E D4			sta nmien	// Recover NMIs
   228 0463 58				cli		// Recover IRQs
   229 0464 A0 01			ldy #$01	// All done without errors
   230 0466 8C 03 03			sty dstats	// Save it to DSTATS!
   231 0469 60				rts		// BYE!!
   232 046A			fin_loader
   233 				.endp
   234
   235
   236 					opt f+		//start filling!
   237 					
   238 A206				org end_bank-6-3	//// Put it into the end
   239 BFF7 4C 00 A0			jmp init
   240 BFFA 80 04			.word init2		// Second init address first.
   241 BFFC 00 04			.byte $00,$04		// Parameters to not to call to Disk.
   242 BFFE 00 A0			.word init		// First init address
   243 					opt f-			// No more filling!
   244
   245 				// Bank 2
   246 C000				org start_cartridge
   247 01,A000				lmb #$01
   248 01,A000			start_atr
   249 01,A000 01 01 00 06 06 + 	ins "ARD_WIP_rel3.atr",16
   250 01,09A000		end_atr
   251
   252 				//Now we fill till we got cartridge size
   253
   254 = 01,090000		total_bytes	= end_atr - start_atr		//Total bytes of ATR
   255 = 01,2000		bank_size	= end_bank - start_cartridge
   256
   257 = 01,0049		banks_used = ((total_bytes+(bank_size-1))/bank_size)+1
   258 = 01,0037		filler_banks = cart_banks - banks_used
   259 = 01,0000		filler_bytes = bank_size*(banks_used-1)-total_bytes
   260
   261 				; Llenamos los bytes
   262
   263 				.if filler_banks > 0
   264 01,09A000			.sav filler_bytes
   265 				.else
   266 					.sav filler_bytes - 6 -8
   267 				.endif
   268
   269 01,09A000		end_file
   270
   271
   272 				.if filler_banks > 0
   273 					.if filler_banks > 1
   274 						.rept filler_banks-1
   275 							.SAV BANK_SIZE
   276 						.ENDR
   276 						.endr
Source: REPT
   275 01,09A000 00 00 00 00 +  			.SAV BANK_SIZE
   275 01,09C000 00 00 00 00 +  			.SAV BANK_SIZE
   275 01,09E000 00 00 00 00 +  			.SAV BANK_SIZE
   275 01,0A0000 00 00 00 00 +  			.SAV BANK_SIZE
   275 01,0A2000 00 00 00 00 +  			.SAV BANK_SIZE
   275 01,0A4000 00 00 00 00 +  			.SAV BANK_SIZE
   275 01,0A6000 00 00 00 00 +  			.SAV BANK_SIZE
   275 01,0A8000 00 00 00 00 +  			.SAV BANK_SIZE
   275 01,0AA000 00 00 00 00 +  			.SAV BANK_SIZE
   275 01,0AC000 00 00 00 00 +  			.SAV BANK_SIZE
   275 01,0AE000 00 00 00 00 +  			.SAV BANK_SIZE
   275 01,0B0000 00 00 00 00 +  			.SAV BANK_SIZE
   275 01,0B2000 00 00 00 00 +  			.SAV BANK_SIZE
   275 01,0B4000 00 00 00 00 +  			.SAV BANK_SIZE
   275 01,0B6000 00 00 00 00 +  			.SAV BANK_SIZE
   275 01,0B8000 00 00 00 00 +  			.SAV BANK_SIZE
   275 01,0BA000 00 00 00 00 +  			.SAV BANK_SIZE
   275 01,0BC000 00 00 00 00 +  			.SAV BANK_SIZE
   275 01,0BE000 00 00 00 00 +  			.SAV BANK_SIZE
   275 01,0C0000 00 00 00 00 +  			.SAV BANK_SIZE
   275 01,0C2000 00 00 00 00 +  			.SAV BANK_SIZE
   275 01,0C4000 00 00 00 00 +  			.SAV BANK_SIZE
   275 01,0C6000 00 00 00 00 +  			.SAV BANK_SIZE
   275 01,0C8000 00 00 00 00 +  			.SAV BANK_SIZE
   275 01,0CA000 00 00 00 00 +  			.SAV BANK_SIZE
   275 01,0CC000 00 00 00 00 +  			.SAV BANK_SIZE
   275 01,0CE000 00 00 00 00 +  			.SAV BANK_SIZE
   275 01,0D0000 00 00 00 00 +  			.SAV BANK_SIZE
   275 01,0D2000 00 00 00 00 +  			.SAV BANK_SIZE
   275 01,0D4000 00 00 00 00 +  			.SAV BANK_SIZE
   275 01,0D6000 00 00 00 00 +  			.SAV BANK_SIZE
   275 01,0D8000 00 00 00 00 +  			.SAV BANK_SIZE
   275 01,0DA000 00 00 00 00 +  			.SAV BANK_SIZE
   275 01,0DC000 00 00 00 00 +  			.SAV BANK_SIZE
   275 01,0DE000 00 00 00 00 +  			.SAV BANK_SIZE
   275 01,0E0000 00 00 00 00 +  			.SAV BANK_SIZE
   275 01,0E2000 00 00 00 00 +  			.SAV BANK_SIZE
   275 01,0E4000 00 00 00 00 +  			.SAV BANK_SIZE
   275 01,0E6000 00 00 00 00 +  			.SAV BANK_SIZE
   275 01,0E8000 00 00 00 00 +  			.SAV BANK_SIZE
   275 01,0EA000 00 00 00 00 +  			.SAV BANK_SIZE
   275 01,0EC000 00 00 00 00 +  			.SAV BANK_SIZE
   275 01,0EE000 00 00 00 00 +  			.SAV BANK_SIZE
   275 01,0F0000 00 00 00 00 +  			.SAV BANK_SIZE
   275 01,0F2000 00 00 00 00 +  			.SAV BANK_SIZE
   275 01,0F4000 00 00 00 00 +  			.SAV BANK_SIZE
   275 01,0F6000 00 00 00 00 +  			.SAV BANK_SIZE
   275 01,0F8000 00 00 00 00 +  			.SAV BANK_SIZE
   275 01,0FA000 00 00 00 00 +  			.SAV BANK_SIZE
   275 01,0FC000 00 00 00 00 +  			.SAV BANK_SIZE
   275 01,0FE000 00 00 00 00 +  			.SAV BANK_SIZE
   275 01,100000 00 00 00 00 +  			.SAV BANK_SIZE
   275 01,102000 00 00 00 00 +  			.SAV BANK_SIZE
   275 01,104000 00 00 00 00 +  			.SAV BANK_SIZE
Source: C:\Users\admin\OneDrive\Guille\Eclipse\workplace\WUDSN\GitHub\ARDungeonCartridge\BOOTCartridge\Alternate Reality - The dungeon\Ardungeon.asm
   277 					.endif
   278 01,106000 00 00 00 00 +  	.sav bank_size-6-8
   279 				.endif
   280
   281
   282 01,107FF2 A9 00			lda #$00
   283 01,107FF4 8D 00 D5		sta $d500
   284 01,107FF7 4C 00 A0		jmp init
   285 01,107FFA 00 04			.word start_loader
   286 01,107FFC 00 04			.byte $00,$04
   287 01,107FFE F2 BF			.word $bff2
